<?xml version="1.0" encoding="UTF-8"?><testsuite name="nosetests" tests="17" errors="0" failures="0" skip="4"><testcase classname="test_importable.TestImportable" name="test_should_import_modules" time="0.000"></testcase><testcase classname="test_project.TestProject" name="test_get_project" time="0.000"><skipped type="unittest.case.SkipTest" message="Skip all Project tests. See DEV-397."><![CDATA[SkipTest: Skip all Project tests. See DEV-397.
]]></skipped></testcase><testcase classname="test_project.TestProject" name="test_offline_analysis" time="0.000"><skipped type="unittest.case.SkipTest" message="Skip all Project tests. See DEV-397."><![CDATA[SkipTest: Skip all Project tests. See DEV-397.
]]></skipped></testcase><testcase classname="test_project.TestProject" name="test_project_activation" time="0.000"><skipped type="unittest.case.SkipTest" message="Skip all Project tests. See DEV-397."><![CDATA[SkipTest: Skip all Project tests. See DEV-397.
]]></skipped></testcase><testcase classname="test_project.TestProject" name="test_user_creation" time="0.000"><skipped type="unittest.case.SkipTest" message="Skip all Project tests. See DEV-397."><![CDATA[SkipTest: Skip all Project tests. See DEV-397.
]]></skipped></testcase><testcase classname="test_account.TestAccount" name="test_cannot_logout_twice" time="0.154"></testcase><testcase classname="test_account.TestAccount" name="test_empty_user" time="0.012"></testcase><testcase classname="test_account.TestAccount" name="test_get_project_by_id" time="0.068"></testcase><testcase classname="test_account.TestAccount" name="test_get_project_by_name" time="0.067"></testcase><testcase classname="test_account.TestAccount" name="test_invalid_password" time="0.013"></testcase><testcase classname="test_account.TestAccount" name="test_invalid_user" time="0.014"></testcase><testcase classname="test_account.TestAccount" name="test_login" time="0.046"></testcase><testcase classname="test_account.TestAccount" name="test_logout" time="0.043"></testcase><testcase classname="test_account.TestAccount" name="test_projects" time="0.039"></testcase><testcase classname="test_account.TestAccount" name="test_should_fail_to_get_invalid_project_by_id" time="0.050"></testcase><testcase classname="test_account.TestAccount" name="test_should_fail_to_get_invalid_project_by_name" time="0.040"></testcase><testcase classname="test_account.TestAccount" name="test_should_log_in_when_account_object_created" time="0.026"></testcase></testsuite>
